// Jest Snapshot v1, https://goo.gl/fbAQLP

exports[`Expect to render App component 1`] = `ShallowWrapper {}`;
